// Jest Snapshot v1, https://goo.gl/fbAQLP

exports[`<Title /> should render the children 1`] = `
.c0 {
  font-size: 3rem;
}

<h1
  class="c0"
>
  Testando...
</h1>
`;
